
> hotel-manager-v3@0.1.0 build
> next build

   Γû▓ Next.js 15.3.4
   - Environments: .env.local, .env

   Creating an optimized production build ...
 Γ£ô Compiled successfully in 12.0s
   Linting and checking validity of types ...

./app/(auth)/login/page.tsx
57:13  Warning: 'err' is defined but never used.  @typescript-eslint/no-unused-vars

./app/(dashboard)/admin/roles/page.tsx
139:6  Warning: React Hook useEffect has a missing dependency: 'fetchData'. Either include it or remove the dependency array.  react-hooks/exhaustive-deps

./app/(dashboard)/admin/sessions/page.tsx
26:11  Warning: 'user' is assigned a value but never used.  @typescript-eslint/no-unused-vars
79:6  Warning: React Hook useEffect has a missing dependency: 'fetchSessionInfo'. Either include it or remove the dependency array.  react-hooks/exhaustive-deps

./app/(dashboard)/admin/users/page.tsx
5:8  Warning: 'Link' is defined but never used.  @typescript-eslint/no-unused-vars
121:6  Warning: React Hook useEffect has a missing dependency: 'fetchUsers'. Either include it or remove the dependency array.  react-hooks/exhaustive-deps

./app/(dashboard)/departments/page.tsx
36:10  Warning: 'deletingId' is assigned a value but never used.  @typescript-eslint/no-unused-vars

./app/(dashboard)/departments/[code]/page.tsx
9:8  Warning: 'SectionsList' is defined but never used.  @typescript-eslint/no-unused-vars
48:6  Warning: 'ChildDept' is defined but never used.  @typescript-eslint/no-unused-vars
78:5  Warning: 'childrenLoading' is assigned a value but never used.  @typescript-eslint/no-unused-vars
79:5  Warning: 'deptLoading' is assigned a value but never used.  @typescript-eslint/no-unused-vars
83:5  Warning: 'pendingOrderLines' is assigned a value but never used.  @typescript-eslint/no-unused-vars
84:5  Warning: 'pendingOrderLinesLoading' is assigned a value but never used.  @typescript-eslint/no-unused-vars
85:5  Warning: 'pendingModalOpen' is assigned a value but never used.  @typescript-eslint/no-unused-vars
86:5  Warning: 'pendingModalProduct' is assigned a value but never used.  @typescript-eslint/no-unused-vars
87:5  Warning: 'pendingModalItems' is assigned a value but never used.  @typescript-eslint/no-unused-vars
88:5  Warning: 'pendingModalLoading' is assigned a value but never used.  @typescript-eslint/no-unused-vars
89:5  Warning: 'openPendingModal' is assigned a value but never used.  @typescript-eslint/no-unused-vars
90:5  Warning: 'refreshPendingForModal' is assigned a value but never used.  @typescript-eslint/no-unused-vars
91:5  Warning: 'fetchPendingOrderLines' is assigned a value but never used.  @typescript-eslint/no-unused-vars
92:5  Warning: 'setPendingModalOpen' is assigned a value but never used.  @typescript-eslint/no-unused-vars
94:5  Warning: 'setPendingModalItems' is assigned a value but never used.  @typescript-eslint/no-unused-vars
134:70  Warning: 'e' is defined but never used.  @typescript-eslint/no-unused-vars

./app/(dashboard)/departments/[code]/transfer/page.tsx
13:9  Warning: 'router' is assigned a value but never used.  @typescript-eslint/no-unused-vars
31:10  Warning: 'deptId' is assigned a value but never used.  @typescript-eslint/no-unused-vars
37:6  Warning: React Hook useEffect has a missing dependency: 'fetchProducts'. Either include it or remove the dependency array.  react-hooks/exhaustive-deps
41:6  Warning: React Hook useEffect has a missing dependency: 'fetchTransfers'. Either include it or remove the dependency array.  react-hooks/exhaustive-deps
142:18  Warning: 'approveTransfer' is defined but never used.  @typescript-eslint/no-unused-vars
152:40  Warning: 'e' is defined but never used.  @typescript-eslint/no-unused-vars

./app/(dashboard)/implementation-guide/page.tsx
17:10  Warning: 'cn' is defined but never used.  @typescript-eslint/no-unused-vars
19:2  Warning: 'PhaseCard' is defined but never used.  @typescript-eslint/no-unused-vars
21:2  Warning: 'SectionHeading' is defined but never used.  @typescript-eslint/no-unused-vars
179:9  Warning: 'selectedPhase' is assigned a value but never used.  @typescript-eslint/no-unused-vars
179:24  Warning: 'setSelectedPhase' is assigned a value but never used.  @typescript-eslint/no-unused-vars

./app/(dashboard)/inventory/page.tsx
9:8  Warning: 'TransferAuditPanel' is defined but never used.  @typescript-eslint/no-unused-vars
186:14  Warning: 'e' is defined but never used.  @typescript-eslint/no-unused-vars
189:5  Warning: Unused eslint-disable directive (no problems were reported from 'react-hooks/exhaustive-deps').
203:6  Warning: React Hook useEffect has a missing dependency: 'autoGenSku'. Either include it or remove the dependency array.  react-hooks/exhaustive-deps

./app/(dashboard)/inventory/transfer/page.tsx
21:14  Warning: 'e' is defined but never used.  @typescript-eslint/no-unused-vars
38:10  Warning: 'sourceDeptId' is assigned a value but never used.  @typescript-eslint/no-unused-vars

./app/(dashboard)/inventory/[id]/page.tsx
55:44  Warning: React Hook useEffect has a missing dependency: 'fetchItem'. Either include it or remove the dependency array.  react-hooks/exhaustive-deps

./app/(dashboard)/pos/drinks/page.tsx
4:8  Warning: 'Link' is defined but never used.  @typescript-eslint/no-unused-vars

./app/(dashboard)/pos/food/page.tsx
4:8  Warning: 'Link' is defined but never used.  @typescript-eslint/no-unused-vars

./app/(dashboard)/pos/inventory/page.tsx
3:10  Warning: 'useEffect' is defined but never used.  @typescript-eslint/no-unused-vars

./app/(dashboard)/pos/orders/page.tsx
7:41  Warning: 'centsToDollars' is defined but never used.  @typescript-eslint/no-unused-vars
7:57  Warning: 'calculateTax' is defined but never used.  @typescript-eslint/no-unused-vars
7:71  Warning: 'calculateTotal' is defined but never used.  @typescript-eslint/no-unused-vars
11:10  Warning: 'Input' is defined but never used.  @typescript-eslint/no-unused-vars
14:8  Warning: 'Price' is defined but never used.  @typescript-eslint/no-unused-vars
353:27  Warning: 'canAddItem' is assigned a value but never used.  @typescript-eslint/no-unused-vars

./app/(dashboard)/pos/orders/[id]/page.tsx
7:46  Warning: 'X' is defined but never used.  @typescript-eslint/no-unused-vars

./app/(dashboard)/pos/page.tsx
6:42  Warning: 'Layers' is defined but never used.  @typescript-eslint/no-unused-vars

./app/(dashboard)/quick-reference/page.tsx
5:10  Warning: 'Badge' is defined but never used.  @typescript-eslint/no-unused-vars
11:2  Warning: 'BookOpen' is defined but never used.  @typescript-eslint/no-unused-vars
17:10  Warning: 'cn' is defined but never used.  @typescript-eslint/no-unused-vars

./app/(dashboard)/rooms/page.tsx
10:10  Warning: 'cn' is defined but never used.  @typescript-eslint/no-unused-vars

./app/api/auth/login/route.ts
9:10  Warning: 'prisma' is defined but never used.  @typescript-eslint/no-unused-vars

./app/api/auth/logout/route.ts
7:28  Warning: 'req' is defined but never used. Allowed unused args must match /^_/u.  @typescript-eslint/no-unused-vars

./app/api/auth/permissions/route.ts
5:27  Warning: 'req' is defined but never used. Allowed unused args must match /^_/u.  @typescript-eslint/no-unused-vars

./app/api/auth/refresh/route.ts
14:28  Warning: 'req' is defined but never used. Allowed unused args must match /^_/u.  @typescript-eslint/no-unused-vars

./app/api/auth/session/route.ts
4:27  Warning: 'req' is defined but never used. Allowed unused args must match /^_/u.  @typescript-eslint/no-unused-vars

./app/api/auth/validate/route.ts
8:27  Warning: 'req' is defined but never used. Allowed unused args must match /^_/u.  @typescript-eslint/no-unused-vars

./app/api/departments/route.ts
31:7  Warning: 'userWithRoles' is assigned a value but never used.  @typescript-eslint/no-unused-vars
136:16  Warning: 'e' is defined but never used.  @typescript-eslint/no-unused-vars
176:16  Warning: 'postHandler' is defined but never used.  @typescript-eslint/no-unused-vars

./app/api/departments/sections/route.ts
11:15  Warning: 'ctx' is defined but never used. Allowed unused args must match /^_/u.  @typescript-eslint/no-unused-vars

./app/api/departments/[code]/children/route.ts
16:14  Warning: 'e' is defined but never used.  @typescript-eslint/no-unused-vars

./app/api/departments/[code]/menu/route.ts
22:14  Warning: 'e' is defined but never used.  @typescript-eslint/no-unused-vars

./app/api/departments/[code]/orders/route.ts
57:11  Warning: 'dateWhere' is assigned a value but never used.  @typescript-eslint/no-unused-vars
67:14  Warning: 'e' is defined but never used.  @typescript-eslint/no-unused-vars

./app/api/departments/[code]/route.ts
20:14  Warning: 'e' is defined but never used.  @typescript-eslint/no-unused-vars
28:22  Warning: 'userWithRoles' is assigned a value but never used.  @typescript-eslint/no-unused-vars
79:16  Warning: 'err' is defined but never used.  @typescript-eslint/no-unused-vars
124:14  Warning: 'e' is defined but never used.  @typescript-eslint/no-unused-vars

./app/api/departments/[code]/section/route.ts
4:30  Warning: 'loadUserWithRoles' is defined but never used.  @typescript-eslint/no-unused-vars
46:14  Warning: 'e' is defined but never used.  @typescript-eslint/no-unused-vars
57:11  Warning: 'ctx' is assigned a value but never used.  @typescript-eslint/no-unused-vars
102:16  Warning: 'err' is defined but never used.  @typescript-eslint/no-unused-vars

./app/api/departments/[code]/transfer/list/route.ts
44:7  Warning: 'sectionId' is assigned a value but never used.  @typescript-eslint/no-unused-vars
133:13  Warning: 'destinationCode' is assigned a value but never used.  @typescript-eslint/no-unused-vars
141:18  Warning: 'e' is defined but never used.  @typescript-eslint/no-unused-vars

./app/api/departments/[code]/transfer/[id]/approve/route.ts
59:18  Warning: 'e' is defined but never used.  @typescript-eslint/no-unused-vars

./app/api/employees/route.ts
21:12  Warning: 'error' is defined but never used.  @typescript-eslint/no-unused-vars
40:12  Warning: 'error' is defined but never used.  @typescript-eslint/no-unused-vars

./app/api/extras/route.ts
8:10  Warning: 'prisma' is defined but never used.  @typescript-eslint/no-unused-vars

./app/api/orders/open/route.ts
158:14  Warning: 'e' is defined but never used.  @typescript-eslint/no-unused-vars

./app/api/orders/route.ts
183:14  Warning: 'e' is defined but never used.  @typescript-eslint/no-unused-vars
326:11  Warning: 'hasMore' is assigned a value but never used.  @typescript-eslint/no-unused-vars

./app/api/orders/settle/route.ts
11:10  Warning: 'OrderService' is defined but never used.  @typescript-eslint/no-unused-vars
57:67  Warning: 'notes' is assigned a value but never used.  @typescript-eslint/no-unused-vars
207:14  Warning: 'e' is defined but never used.  @typescript-eslint/no-unused-vars

./app/api/orders/[id]/fulfillment/route.ts
138:14  Warning: 'e' is defined but never used.  @typescript-eslint/no-unused-vars
305:136  Warning: 'e' is defined but never used.  @typescript-eslint/no-unused-vars
308:99  Warning: 'e' is defined but never used.  @typescript-eslint/no-unused-vars
327:14  Warning: 'logErr' is defined but never used.  @typescript-eslint/no-unused-vars

./app/api/orders/[id]/refund/route.ts
66:14  Warning: 'logErr' is defined but never used.  @typescript-eslint/no-unused-vars

./app/api/orders/[id]/route.ts
84:14  Warning: 'logErr' is defined but never used.  @typescript-eslint/no-unused-vars
188:14  Warning: 'logErr' is defined but never used.  @typescript-eslint/no-unused-vars
257:14  Warning: 'logErr' is defined but never used.  @typescript-eslint/no-unused-vars

./app/api/pos/sales-summary/route.ts
18:11  Warning: 'departmentId' is assigned a value but never used.  @typescript-eslint/no-unused-vars
19:11  Warning: 'terminalId' is assigned a value but never used.  @typescript-eslint/no-unused-vars
37:12  Warning: 'error' is defined but never used.  @typescript-eslint/no-unused-vars
56:12  Warning: 'error' is defined but never used.  @typescript-eslint/no-unused-vars

./app/api/pos/terminals/route.ts
102:12  Warning: 'error' is defined but never used.  @typescript-eslint/no-unused-vars
118:12  Warning: 'error' is defined but never used.  @typescript-eslint/no-unused-vars
127:30  Warning: 'req' is defined but never used. Allowed unused args must match /^_/u.  @typescript-eslint/no-unused-vars
133:12  Warning: 'error' is defined but never used.  @typescript-eslint/no-unused-vars

./app/api/price-check/route.ts
28:12  Warning: 'error' is defined but never used.  @typescript-eslint/no-unused-vars
40:11  Warning: 'reportId' is assigned a value but never used.  @typescript-eslint/no-unused-vars
41:11  Warning: 'startDate' is assigned a value but never used.  @typescript-eslint/no-unused-vars
42:11  Warning: 'endDate' is assigned a value but never used.  @typescript-eslint/no-unused-vars
49:12  Warning: 'error' is defined but never used.  @typescript-eslint/no-unused-vars

./app/api/roles/route.ts
245:15  Warning: 'ctx' is defined but never used. Allowed unused args must match /^_/u.  @typescript-eslint/no-unused-vars
254:15  Warning: 'ctx' is defined but never used. Allowed unused args must match /^_/u.  @typescript-eslint/no-unused-vars

./app/api/settings/currency/route.ts
9:27  Warning: 'req' is defined but never used. Allowed unused args must match /^_/u.  @typescript-eslint/no-unused-vars
39:12  Warning: 'error' is defined but never used.  @typescript-eslint/no-unused-vars

./app/api/settings/exchange-rates/route.ts
119:12  Warning: 'error' is defined but never used.  @typescript-eslint/no-unused-vars

./app/api/users/route.ts
379:28  Warning: 'ctx' is defined but never used. Allowed unused args must match /^_/u.  @typescript-eslint/no-unused-vars
388:28  Warning: 'ctx' is defined but never used. Allowed unused args must match /^_/u.  @typescript-eslint/no-unused-vars

./components/admin/DepartmentSectionList.tsx
59:37  Warning: React Hook useEffect has a missing dependency: 'fetchList'. Either include it or remove the dependency array.  react-hooks/exhaustive-deps

./components/admin/documentation/documentation-widget.tsx
4:10  Warning: 'Button' is defined but never used.  @typescript-eslint/no-unused-vars
8:2  Warning: 'BookOpen' is defined but never used.  @typescript-eslint/no-unused-vars

./components/admin/pos/pos-checkout.tsx
10:28  Warning: 'centsToDollars' is defined but never used.  @typescript-eslint/no-unused-vars
12:10  Warning: 'formatPriceDisplay' is defined but never used.  @typescript-eslint/no-unused-vars
12:30  Warning: 'formatOrderTotal' is defined but never used.  @typescript-eslint/no-unused-vars
22:44  Warning: 'terminalId' is defined but never used. Allowed unused args must match /^_/u.  @typescript-eslint/no-unused-vars

./components/admin/pos/pos-payment.tsx
5:10  Warning: 'normalizeToCents' is defined but never used.  @typescript-eslint/no-unused-vars

./components/admin/pos/pos-section-selector.tsx
22:3  Warning: 'terminalId' is defined but never used. Allowed unused args must match /^_/u.  @typescript-eslint/no-unused-vars
30:17  Warning: 'setError' is assigned a value but never used.  @typescript-eslint/no-unused-vars

./components/admin/role-assignment-modal.tsx
23:3  Warning: 'userId' is defined but never used. Allowed unused args must match /^_/u.  @typescript-eslint/no-unused-vars

./components/admin/tables/data-table.tsx
3:20  Warning: 'useEffect' is defined but never used.  @typescript-eslint/no-unused-vars
31:29  Warning: 'CardHeader' is defined but never used.  @typescript-eslint/no-unused-vars
31:41  Warning: 'CardTitle' is defined but never used.  @typescript-eslint/no-unused-vars

./components/auth-context.tsx
39:6  Warning: React Hook useEffect has a missing dependency: 'validateSession'. Either include it or remove the dependency array.  react-hooks/exhaustive-deps
114:16  Warning: 'err' is defined but never used.  @typescript-eslint/no-unused-vars
122:6  Warning: React Hook useCallback has a missing dependency: 'router'. Either include it or remove the dependency array.  react-hooks/exhaustive-deps

./components/departments/DateRangeFilter.tsx
6:20  Warning: 'X' is defined but never used.  @typescript-eslint/no-unused-vars

./components/departments/DepartmentHeader.tsx
3:8  Warning: 'Link' is defined but never used.  @typescript-eslint/no-unused-vars

./components/departments/SectionProductsTable.tsx
18:119  Warning: 'onDateChange' is defined but never used. Allowed unused args must match /^_/u.  @typescript-eslint/no-unused-vars

./components/shared/sidebar.tsx
22:2  Warning: 'CheckSquare' is defined but never used.  @typescript-eslint/no-unused-vars

./components/transfer/ProductRow.tsx
12:38  Warning: 'id' is defined but never used. Allowed unused args must match /^_/u.  @typescript-eslint/no-unused-vars

./components/transfer/TransferPanel.tsx
28:61  Warning: React Hook useEffect has missing dependencies: 'fetchDepartments' and 'fetchProducts'. Either include them or remove the dependency array.  react-hooks/exhaustive-deps

./components/ui/Price.tsx
21:10  Warning: 'converted' is assigned a value but never used.  @typescript-eslint/no-unused-vars
53:16  Warning: 'e' is defined but never used.  @typescript-eslint/no-unused-vars
78:18  Warning: 'e' is defined but never used.  @typescript-eslint/no-unused-vars
112:14  Warning: 'e' is defined but never used.  @typescript-eslint/no-unused-vars

./lib/auth/credentials.ts
55:7  Warning: 'userType' is assigned a value but never used.  @typescript-eslint/no-unused-vars

./src/lib/currency.ts
40:8  Warning: 'prisma' is defined but never used.  @typescript-eslint/no-unused-vars
41:10  Warning: 'loadAllPersistedRates' is defined but never used.  @typescript-eslint/no-unused-vars
215:17  Warning: 'key' is assigned a value but never used.  @typescript-eslint/no-unused-vars
460:3  Warning: 'locale' is defined but never used. Allowed unused args must match /^_/u.  @typescript-eslint/no-unused-vars

./src/lib/exchangeRateStore.ts
2:26  Warning: 'ExchangeRateType' is defined but never used.  @typescript-eslint/no-unused-vars

./src/lib/formatters.ts
6:23  Warning: 'formatPrice' is defined but never used.  @typescript-eslint/no-unused-vars
112:49  Warning: 'className' is defined but never used. Allowed unused args must match /^_/u.  @typescript-eslint/no-unused-vars

./src/lib/logger.ts
10:12  Warning: 'e' is defined but never used.  @typescript-eslint/no-unused-vars
33:7  Warning: Unused eslint-disable directive (no problems were reported from 'no-console').
49:1  Warning: Assign object to a variable before exporting as module default  import/no-anonymous-default-export

./src/lib/prisma.ts
37:16  Warning: 'e' is defined but never used.  @typescript-eslint/no-unused-vars

./src/lib/user-context.ts
40:14  Warning: 'err' is defined but never used.  @typescript-eslint/no-unused-vars
54:12  Warning: 'err' is defined but never used.  @typescript-eslint/no-unused-vars

./src/services/department.service.ts
552:16  Warning: 'e' is defined but never used.  @typescript-eslint/no-unused-vars

./src/services/extras.service.ts
18:23  Warning: 'requireRole' is defined but never used.  @typescript-eslint/no-unused-vars

./src/services/inventory.service.ts
15:10  Warning: 'normalizeToCents' is defined but never used.  @typescript-eslint/no-unused-vars
15:50  Warning: 'validatePrice' is defined but never used.  @typescript-eslint/no-unused-vars
15:65  Warning: 'centsToDollars' is defined but never used.  @typescript-eslint/no-unused-vars

./src/services/order.service.ts
24:3  Warning: 'sumPrices' is defined but never used.  @typescript-eslint/no-unused-vars
352:16  Warning: 'logErr' is defined but never used.  @typescript-eslint/no-unused-vars
674:9  Warning: 'paymentStatus' is assigned a value but never used.  @typescript-eslint/no-unused-vars

./src/services/section-inventory.service.ts
156:18  Warning: 'e' is defined but never used.  @typescript-eslint/no-unused-vars

./src/services/section.service.ts
247:18  Warning: 'e' is defined but never used.  @typescript-eslint/no-unused-vars
299:18  Warning: 'e' is defined but never used.  @typescript-eslint/no-unused-vars

./src/services/settlement.service.ts
8:10  Warning: 'normalizeToCents' is defined but never used.  @typescript-eslint/no-unused-vars

./src/services/stock.service.ts
42:14  Warning: 'e' is defined but never used.  @typescript-eslint/no-unused-vars
86:20  Warning: 'e' is defined but never used.  @typescript-eslint/no-unused-vars
130:20  Warning: 'e' is defined but never used.  @typescript-eslint/no-unused-vars
214:22  Warning: 'e' is defined but never used.  @typescript-eslint/no-unused-vars
252:22  Warning: 'e' is defined but never used.  @typescript-eslint/no-unused-vars

./src/services/transfer.service.ts
55:45  Warning: 'actor' is defined but never used. Allowed unused args must match /^_/u.  @typescript-eslint/no-unused-vars
73:14  Warning: 'e' is defined but never used.  @typescript-eslint/no-unused-vars

info  - Need to disable some ESLint rules? Learn more here: https://nextjs.org/docs/app/api-reference/config/eslint#disabling-rules
node.exe : Failed to compile.
At C:\nvm4w\nodejs\npm.ps1:29 char:3
+   & $NODE_EXE $NPM_CLI_JS $args
+   ~~~~~~~~~~~~~~~~~~~~~~~~~~~~~
    + CategoryInfo          : NotSpecified: (Failed to compile 
   .:String) [], RemoteException
    + FullyQualifiedErrorId : NativeCommandError
 

./src/services/extras.service.ts:188:11
Type error: Object literal may only specify known properties, 
and 'department' does not exist in type 
'ExtraInclude<DefaultArgs>'.

[0m [90m 186 |[39m         where[33m:[39m { id[33m:[39m 
extraId }[33m,[39m[0m
[0m [90m 187 |[39m         include[33m:[39m {[0m
[0m[31m[1m>[22m[39m[90m 188 |[39m           
department[33m:[39m {[0m
[0m [90m     |[39m           [31m[1m^[22m[39m[0m
[0m [90m 189 |[39m             select[33m:[39m { 
id[33m:[39m [36mtrue[39m[33m,[39m code[33m:[39m 
[36mtrue[39m[33m,[39m name[33m:[39m [36mtrue[39m }[0m
[0m [90m 190 |[39m           }[0m
[0m [90m 191 |[39m         }[0m
Next.js build worker exited with code: 1 and signal: null
